/opt/st/stm32cubeide_1.14.0/plugins/com.st.stm32cube.ide.mcu.externaltools.gnu-tools-for-stm32.11.3.rel1.linux64_1.1.100.202309141235/tools/arm-none-eabi/include/c++/11.3.1/arm-none-eabi/thumb/v7e-m+fp/hard/bits/gthr-default.h:229:1:int __gthread_key_delete(__gthread_key_t)	16	static
../Core/Src/main.cpp:53:7:void test::display()	16	static
../Core/Src/main.cpp:61:7:void test_::display()	16	static
../Core/Src/main.cpp:69:7:void test__::display()	16	static
../Core/Src/main.cpp:92:5:int main()	24	static
../Core/Src/main.cpp:144:6:void SystemClock_Config()	88	static
../Core/Src/main.cpp:191:13:void MX_SPI1_Init()	8	static
../Core/Src/main.cpp:228:13:void MX_GPIO_Init()	16	static
../Core/Src/main.cpp:249:6:void Error_Handler()	4	static,ignoring_inline_asm
../Core/Src/main.cpp:258:1:void __static_initialization_and_destruction_0(int, int)	16	static
../Core/Src/main.cpp:258:1:cpp)	8	static
../Core/Src/main.cpp:258:1:cpp)	8	static
