../Core/Src/main.c:88:5:main	160	static
../Core/Src/main.c:181:6:SystemClock_Config	88	static
../Core/Src/main.c:228:13:MX_I2C1_Init	8	static
../Core/Src/main.c:262:13:MX_SPI1_Init	8	static
../Core/Src/main.c:299:13:MX_TIM1_Init	80	static
../Core/Src/main.c:368:13:MX_TIM3_Init	64	static
../Core/Src/main.c:425:13:MX_DMA_Init	16	static
../Core/Src/main.c:443:13:MX_GPIO_Init	48	static
../Core/Src/main.c:518:6:StartReceiveSpiTask	16	static
../Core/Src/main.c:536:6:StartSituation	16	static
../Core/Src/main.c:554:6:StartControlSpeeding	16	static
../Core/Src/main.c:572:6:StartControlSteering	16	static
../Core/Src/main.c:590:6:StartControlCameraTask	16	static
../Core/Src/main.c:609:6:HAL_TIM_PeriodElapsedCallback	16	static
../Core/Src/main.c:626:6:Error_Handler	4	static,ignoring_inline_asm
